<?xml version='1.0' encoding='utf-8'?>
<testsuites name="seat_heating_control" tests="5" errors="0" failures="0" skipped="0" timestamp="2025-06-24T14:45:19.484294" time="58"><testsuite name="Requirements-based Tests SIL" tests="2" errors="0" failures="0" skipped="0"><testcase name="Activation Condition Test" classname="shc/check_conditions" /><testcase name="Heating Cycle Test" /></testsuite><testsuite name="Requirements-based Tests SL MIL" tests="4" errors="0" failures="0" skipped="0"><testcase name="Activation Condition Test" classname="shc/check_conditions" /><testcase name="Heating Cycle Test" /></testsuite><testsuite name="B2B Test SL MIL vs. SIL" tests="1"><testcase name="B2B Test SL MIL vs. SIL" /></testsuite></testsuites>